xmshanmu@ropvuat259 MINGW64 ~/Downloads/IBPS/IBPS-Deployment (dev)
$ git push
Enumerating objects: 8, done.
Counting objects: 100% (8/8), done.
Delta compression using up to 2 threads
Compressing objects: 100% (7/7), done.
Writing objects: 100% (7/7), 248.31 MiB | 7.32 MiB/s, done.
Total 7 (delta 3), reused 0 (delta 0), pack-reused 0
remote: Resolving deltas: 100% (3/3), completed with 1 local object.
remote: warning: File release.zip is 56.07 MB; this is larger than GitHub's recommended maximum file size of 50.00 MB
remote: error: Trace: ce36aa4e2cf548889c5c2a50b4524e2cc572e339cf5363b80ac22f8cacb2fdec
remote: error: See https://gh.io/lfs for more information.
remote: error: File release.zip is 257.94 MB; this exceeds GitHub's file size limit of 100.00 MB
remote: error: GH001: Large files detected. You may want to try Git Large File Storage - https://git-lfs.github.com.
To https://github.com/rakbank-internal/IBPS-Deployment.git
 ! [remote rejected] dev -> dev (pre-receive hook declined)
error: failed to push some refs to 'https://github.com/rakbank-internal/IBPS-Deployment.git'

xmshanmu@ropvuat259 MINGW64 ~/Downloads/IBPS/IBPS-Deployment (dev)
$ git status
On branch dev
Your branch is ahead of 'origin/dev' by 3 commits.
  (use "git push" to publish your local commits)

nothing to commit, working tree clean

xmshanmu@ropvuat259 MINGW64 ~/Downloads/IBPS/IBPS-Deployment (dev)
$ git rm "release.zip"
fatal: pathspec 'release.zip' did not match any files

xmshanmu@ropvuat259 MINGW64 ~/Downloads/IBPS/IBPS-Deployment (dev)
$ git rm --cached "Removed release.zip"
fatal: pathspec 'Removed release.zip' did not match any files

xmshanmu@ropvuat259 MINGW64 ~/Downloads/IBPS/IBPS-Deployment (dev)
$ git pull
Already up to date.

xmshanmu@ropvuat259 MINGW64 ~/Downloads/IBPS/IBPS-Deployment (dev)
$ git status
On branch dev
Your branch is ahead of 'origin/dev' by 3 commits.
  (use "git push" to publish your local commits)

nothing to commit, working tree clean
